C51 COMPILER V9.54   UART                                                                  01/20/2023 17:51:46 PAGE 1   


C51 COMPILER V9.54, COMPILATION OF MODULE UART
OBJECT MODULE PLACED IN .\Objects\UART.obj
COMPILER INVOKED BY: D:\Keil_v5\C51\BIN\C51.EXE UART.c OPTIMIZE(8,SPEED) BROWSE DEBUG OBJECTEXTEND PRINT(.\Listings\UART
                    -.lst) TABS(2) OBJECT(.\Objects\UART.obj)

line level    source

   1          #include <REGX52.H>
   2          
   3          /**
   4            * @brief :串口通信初始化，4800bps@11.0592MHz
   5            * @param :无
   6            * @retval :无
   7           */
   8          void UART_Init(){
   9   1        SCON = 0x50; // 串口控制寄存器，接收使能
  10   1        PCON &= 0x7f; // 波特率选择特殊功能寄存器
  11   1        
  12   1        // 接收数据需要串口中断
  13   1        EA = 1; ES = 1; // 允许全局中断、串口中断
  14   1        
  15   1        // 下面配置定时器，用于波特率设置
  16   1        // 注：串口只能用定时器T1（8位自动重装模式）
  17   1        TMOD&=0x0F;TMOD|=0x20; //设置定时器模式
  18   1        TL1 = 0xFA;  //设置定时初始值
  19   1        TH1 = 0xFA;  //设置定时初始值
  20   1        ET1 = 0;     //禁止定时器中断，只要有溢出就可以生成波特率
  21   1        TR1 = 1;     //定时器1开始计时
  22   1      }
  23          
  24          /**
  25            * @brief :通过串口发送8位数据
  26            * @param :需要发送的8位数据
  27            * @retval :无。但函数会直到该字节发送完成才返回。
  28           */
  29          void UART_SendByte(unsigned char Byte){
  30   1        SBUF = Byte;
  31   1        while(TI==0); // 等待发送完毕
  32   1        TI = 0; // 软件复位
  33   1      }
  34          
  35          /*串口中断函数模板
  36          // 串口接收中断子函数
  37          // 注意发送和接收两种中断都会进入到这个子函数中来
  38          void UART_Routine() interrupt 4{
  39            if(RI==1){ // 若接收到1Byte数据
  40              
  41            }
  42          }
  43          */


MODULE INFORMATION:   STATIC OVERLAYABLE
   CODE SIZE        =     35    ----
   CONSTANT SIZE    =   ----    ----
   XDATA SIZE       =   ----    ----
   PDATA SIZE       =   ----    ----
   DATA SIZE        =   ----    ----
   IDATA SIZE       =   ----    ----
   BIT SIZE         =   ----    ----
END OF MODULE INFORMATION.

C51 COMPILER V9.54   UART                                                                  01/20/2023 17:51:46 PAGE 2   


C51 COMPILATION COMPLETE.  0 WARNING(S),  0 ERROR(S)
